mm-harness: dist/ is older than src/ — running the current source checkout.
  Next: npm run build to refresh dist/
→ refreshed mobile harness overlay (runner changed)
start-metro: stale metro.pid (pid 76537 no longer alive); cleaning up
Starting Metro on port 8066 (workers=4)
(Full log: /Users/deeeed/dev/metamask/metamask-mobile-6/temp/recipe/runtime/metro.log — mm-harness logs | mm-harness logs --full)
mm-harness | Metro bundler
mm-harness | full log: /Users/deeeed/dev/metamask/metamask-mobile-6/temp/recipe/runtime/metro.log
mm-harness | full stream: mm-harness logs --full

  * (waiting for first build event...)
mm-harness | Metro bundler
mm-harness | full log: /Users/deeeed/dev/metamask/metamask-mobile-6/temp/recipe/runtime/metro.log
mm-harness | full stream: mm-harness logs --full

  * » ios: paths-project-pbxproj: Found multiple project.pbxproj file paths, using "ios/MetaMask.xcodeproj/project.pbxproj". Ignored paths: ["ios/branch-ios-sdk/carthage-files/BranchSDK.xcodeproj/project.pbxproj"]
Metro ready on port 8066
  Next: mm-harness logs  (tail Metro)
Prewarming ios bundle before launching dev client (set MOBILE_BUNDLE_PREWARM=0 to skip)
  url: http://localhost:8066/index.bundle?platform=ios&dev=true&hot=false&lazy=true&transform.engine=hermes&transform.bytecode=1&transform.routerRoot=app&unstable_transformProfile=hermes-stable
Waiting for ios bundle (30s/900s)
Waiting for ios bundle (60s/900s)
Waiting for ios bundle (90s/900s)
Waiting for ios bundle (120s/900s)
Waiting for ios bundle (150s/900s)
Waiting for ios bundle (180s/900s)
Waiting for ios bundle (210s/900s)
Waiting for ios bundle (240s/900s)
Waiting for ios bundle (270s/900s)
Waiting for ios bundle (300s/900s)
Waiting for ios bundle (330s/900s)
Waiting for ios bundle (360s/900s)
Waiting for ios bundle (390s/900s)
Waiting for ios bundle (420s/900s)
Waiting for ios bundle (450s/900s)
ios bundle ready
Restarting iOS dev client io.metamask.MetaMask on 1BB96956-9B40-4EB5-AF87-DEE0E7498588
Launching iOS dev client io.metamask.MetaMask on 1BB96956-9B40-4EB5-AF87-DEE0E7498588
open-device: iOS dev client opened (io.metamask.MetaMask on 1BB96956-9B40-4EB5-AF87-DEE0E7498588)
  Next: mm-harness logs   # tail Metro
Device console → app-console.log (CDP forwarder pid 92274)
Waiting for Mobile bridge (0.0s elapsed, 180.0s remaining): Metro running; no React Native debug target yet (iOS Bundled 502429ms index.js (21298 modules))
Waiting for Mobile bridge (11.9s elapsed, 168.1s remaining): React Native target answered; in-app bridge not installed yet (iOS Bundled 1657ms index.js (1 module))
Waiting for Mobile bridge (24.0s elapsed, 156.0s remaining): React Native target answered; waiting for an in-app route (iOS Bundled 1657ms index.js (1 module))
Mobile bridge ready (26.4s)
Remote feature flag overrides cleared.
→ verify (mobile) — target: /Users/deeeed/dev/metamask/metamask-mobile-6
Fixture status: READY (temp/recipe/runtime/wallet-fixture.json, accounts=4).
Mobile harness verify pass: /Users/deeeed/dev/metamask/metamask-mobile-6/temp/recipe/harness/mobile/verify/20261001T060720Z/summary.json
✓ verify mobile passed (51.9s)
  Next: mm-harness status --target /Users/deeeed/dev/metamask/metamask-mobile-6 --json
