Recipe libraries: perps=/Users/deeeed/dev/metamask/experimental-metamask-recipe-perps (24 recipes), metamask=/Users/deeeed/.npm-global/lib/node_modules/@deeeed/metamask-harness/library (22 recipes)
Recipe libraries: perps=/Users/deeeed/dev/metamask/experimental-metamask-recipe-perps (24 recipes), metamask=/Users/deeeed/.npm-global/lib/node_modules/@deeeed/metamask-harness/library (22 recipes)
{
  "schemaVersion": 1,
  "command": "run",
  "adapter": "mobile",
  "status": "pass",
  "exitCode": 0,
  "recovered": [],
  "mutations": [],
  "reportPath": "/Users/deeeed/dev/metamask/metamask-mobile-6/temp/tasks/fix/36775-0924-221931/artifacts/recipe-run/report.md",
  "result": {
    "status": "pass",
    "summaryPath": "/Users/deeeed/dev/metamask/metamask-mobile-6/temp/tasks/fix/36775-0924-221931/artifacts/recipe-run/summary.json",
    "tracePath": "/Users/deeeed/dev/metamask/metamask-mobile-6/temp/tasks/fix/36775-0924-221931/artifacts/recipe-run/trace.json",
    "artifactManifestPath": "/Users/deeeed/dev/metamask/metamask-mobile-6/temp/tasks/fix/36775-0924-221931/artifacts/recipe-run/artifact-manifest.json",
    "recipePath": "/Users/deeeed/dev/metamask/metamask-mobile-6/temp/tasks/fix/36775-0924-221931/artifacts/recipe-run/recipe.json",
    "diagnosticsPath": "/Users/deeeed/dev/metamask/metamask-mobile-6/temp/tasks/fix/36775-0924-221931/artifacts/recipe-run/diagnostics.json",
    "sideFindings": {
      "status": "review",
      "note": "Observed 9 distinct application warning/error event(s) during the recipe run; showing 9 preview(s) and omitting 0. Relation to the task is not determined.",
      "counts": {
        "total": 9,
        "warning": 4,
        "error": 5,
        "exception": 0
      }
    }
  }
}
mm-harness 0.62.0 → 0.63.0 available · run: mm-harness update
