$ /Users/deeeed/dev/metamask/metamask-mobile-3/node_modules/.bin/jest --no-coverage app/components/UI/Perps/Views/PerpsProMarketView/PerpsProMarketView.view.test.tsx app/components/UI/Perps/Views/PerpsProMarketView/components/PerpsProOrderForm/PerpsProTwapFields.test.tsx app/components/UI/Perps/Views/PerpsProMarketView/components/PerpsProPositionsPanel.test.tsx app/components/UI/Perps/Views/PerpsProMarketView/components/PerpsProTwapCard.test.tsx app/components/UI/Perps/Views/PerpsProMarketView/components/PerpsProTwapEmptyState.test.tsx app/components/UI/Perps/Views/PerpsProMarketView/components/PerpsProTwapFillRow.test.tsx app/components/UI/Perps/Views/PerpsProMarketView/components/PerpsProTwapPanel.test.tsx app/components/UI/Perps/Views/PerpsProMarketView/components/PerpsProTwapTerminateSheet.test.tsx app/components/UI/Perps/Views/PerpsProMarketView/utils/proPositionSideFilter.test.ts app/components/UI/Perps/Views/PerpsProMarketView/utils/proTwapViews.test.ts app/components/UI/Perps/hooks/usePerpsTerminateTwap.test.ts app/components/UI/Perps/hooks/usePerpsTwapOrders.test.ts app/components/UI/Perps/utils/twapFormat.test.ts app/components/UI/Perps/utils/twapOrderUtils.test.ts
exit: 0
duration_ms: 8692

--- stdout ---


--- stderr ---
watchman warning:  Recrawled this watch 3 times, most recently because:
MustScanSubDirs UserDroppedTo resolve, please review the information on
https://facebook.github.io/watchman/docs/troubleshooting.html#recrawl
To clear this warning, run:
`watchman watch-del '/Users/deeeed/dev/metamask/metamask-mobile-3' ; watchman watch-project '/Users/deeeed/dev/metamask/metamask-mobile-3'`

PASS app/components/UI/Perps/hooks/usePerpsTwapOrders.test.ts
PASS app/components/UI/Perps/Views/PerpsProMarketView/components/PerpsProTwapPanel.test.tsx
PASS app/components/UI/Perps/Views/PerpsProMarketView/components/PerpsProTwapFillRow.test.tsx
PASS app/components/UI/Perps/Views/PerpsProMarketView/components/PerpsProTwapCard.test.tsx
PASS app/components/UI/Perps/Views/PerpsProMarketView/components/PerpsProTwapTerminateSheet.test.tsx
PASS app/components/UI/Perps/utils/twapFormat.test.ts
PASS app/components/UI/Perps/Views/PerpsProMarketView/components/PerpsProOrderForm/PerpsProTwapFields.test.tsx
PASS app/components/UI/Perps/utils/twapOrderUtils.test.ts
PASS app/components/UI/Perps/Views/PerpsProMarketView/utils/proPositionSideFilter.test.ts
PASS app/components/UI/Perps/Views/PerpsProMarketView/components/PerpsProTwapEmptyState.test.tsx
PASS app/components/UI/Perps/Views/PerpsProMarketView/utils/proTwapViews.test.ts
PASS app/components/UI/Perps/hooks/usePerpsTerminateTwap.test.ts
PASS app/components/UI/Perps/Views/PerpsProMarketView/components/PerpsProPositionsPanel.test.tsx (6.076 s)

Test Suites: 13 passed, 13 total
Tests:       198 passed, 198 total
Snapshots:   0 total
Time:        6.198 s
Ran all test suites matching /app\/components\/UI\/Perps\/Views\/PerpsProMarketView\/PerpsProMarketView.view.test.tsx|app\/components\/UI\/Perps\/Views\/PerpsProMarketView\/components\/PerpsProOrderForm\/PerpsProTwapFields.test.tsx|app\/components\/UI\/Perps\/Views\/PerpsProMarketView\/components\/PerpsProPositionsPanel.test.tsx|app\/components\/UI\/Perps\/Views\/PerpsProMarketView\/components\/PerpsProTwapCard.test.tsx|app\/components\/UI\/Perps\/Views\/PerpsProMarketView\/components\/PerpsProTwapEmptyState.test.tsx|app\/components\/UI\/Perps\/Views\/PerpsProMarketView\/components\/PerpsProTwapFillRow.test.tsx|app\/components\/UI\/Perps\/Views\/PerpsProMarketView\/components\/PerpsProTwapPanel.test.tsx|app\/components\/UI\/Perps\/Views\/PerpsProMarketView\/components\/PerpsProTwapTerminateSheet.test.tsx|app\/components\/UI\/Perps\/Views\/PerpsProMarketView\/utils\/proPositionSideFilter.test.ts|app\/components\/UI\/Perps\/Views\/PerpsProMarketView\/utils\/proTwapViews.test.ts|app\/components\/UI\/Perps\/hooks\/usePerpsTerminateTwap.test.ts|app\/components\/UI\/Perps\/hooks\/usePerpsTwapOrders.test.ts|app\/components\/UI\/Perps\/utils\/twapFormat.test.ts|app\/components\/UI\/Perps\/utils\/twapOrderUtils.test.ts/i.
