$ /Volumes/FD/dev/metamask/metamask-mobile-2/node_modules/.bin/jest --no-coverage app/components/UI/Perps/Views/PerpsProMarketView/components/PerpsProOrderForm/usePerpsProOrderForm.test.ts app/components/UI/Perps/Views/PerpsProMarketView/components/PerpsProOrderFormPanel.test.tsx app/components/UI/Perps/components/PerpsLeverageBottomSheet/PerpsLeverageBottomSheet.test.tsx app/components/UI/Perps/components/PerpsMarginModeBottomSheet/PerpsMarginModeBottomSheet.test.tsx app/components/UI/Perps/hooks/useHasExistingPosition.test.ts app/components/UI/Perps/hooks/usePerpsMarginModeLock.test.ts app/components/UI/Perps/hooks/usePerpsMarketData.test.ts app/components/UI/Perps/utils/orderParams.test.ts
exit: 0
duration_ms: 15514

--- stdout ---


--- stderr ---
PASS app/components/UI/Perps/Views/PerpsProMarketView/components/PerpsProOrderFormPanel.test.tsx
PASS app/components/UI/Perps/Views/PerpsProMarketView/components/PerpsProOrderForm/usePerpsProOrderForm.test.ts
PASS app/components/UI/Perps/components/PerpsLeverageBottomSheet/PerpsLeverageBottomSheet.test.tsx
PASS app/components/UI/Perps/hooks/usePerpsMarketData.test.ts
  ● Console

    console.error
      An update to TestComponent inside a test was not wrapped in act(...).
      
      When testing, code that causes React state updates should be wrapped into act(...):
      
      act(() => {
        /* fire events that update state */
      });
      /* assert on the output */
      
      This ensures that you're testing the behavior the user would see in the browser. Learn more at https://react.dev/link/wrap-tests-with-act

      77 |       requestIdRef.current === requestId && isMountedRef.current;
      78 |
    > 79 |     setIsLoading(true);
         |     ^
      80 |     setError(null);
      81 |
      82 |     // `getMarkets` throws while the Perps connection is still initialising —

      at node_modules/react-test-renderer/cjs/react-test-renderer.development.js:14402:19
      at runWithFiberInDEV (node_modules/react-test-renderer/cjs/react-test-renderer.development.js:2315:13)
      at warnIfUpdatesNotWrappedWithActDEV (node_modules/react-test-renderer/cjs/react-test-renderer.development.js:14401:9)
      at scheduleUpdateOnFiber (node_modules/react-test-renderer/cjs/react-test-renderer.development.js:12086:9)
      at dispatchSetStateInternal (node_modules/react-test-renderer/cjs/react-test-renderer.development.js:6208:13)
      at dispatchSetState (node_modules/react-test-renderer/cjs/react-test-renderer.development.js:6165:7)
      at Object.setIsLoading [as refetch] (app/components/UI/Perps/hooks/usePerpsMarketData.ts:79:5)
      at Object.refetch (app/components/UI/Perps/hooks/usePerpsMarketData.test.ts:123:20)

    console.error
      An update to TestComponent inside a test was not wrapped in act(...).
      
      When testing, code that causes React state updates should be wrapped into act(...):
      
      act(() => {
        /* fire events that update state */
      });
      /* assert on the output */
      
      This ensures that you're testing the behavior the user would see in the browser. Learn more at https://react.dev/link/wrap-tests-with-act

      78 |
      79 |     setIsLoading(true);
    > 80 |     setError(null);
         |     ^
      81 |
      82 |     // `getMarkets` throws while the Perps connection is still initialising —
      83 |     // after unlocking, or during a reconnect. That says nothing about whether

      at node_modules/react-test-renderer/cjs/react-test-renderer.development.js:14402:19
      at runWithFiberInDEV (node_modules/react-test-renderer/cjs/react-test-renderer.development.js:2315:13)
      at warnIfUpdatesNotWrappedWithActDEV (node_modules/react-test-renderer/cjs/react-test-renderer.development.js:14401:9)
      at scheduleUpdateOnFiber (node_modules/react-test-renderer/cjs/react-test-renderer.development.js:12086:9)
      at dispatchSetStateInternal (node_modules/react-test-renderer/cjs/react-test-renderer.development.js:6208:13)
      at dispatchSetState (node_modules/react-test-renderer/cjs/react-test-renderer.development.js:6165:7)
      at Object.setError [as refetch] (app/components/UI/Perps/hooks/usePerpsMarketData.ts:80:5)
      at Object.refetch (app/components/UI/Perps/hooks/usePerpsMarketData.test.ts:123:20)

PASS app/components/UI/Perps/utils/orderParams.test.ts
PASS app/components/UI/Perps/hooks/usePerpsMarginModeLock.test.ts
PASS app/components/UI/Perps/components/PerpsMarginModeBottomSheet/PerpsMarginModeBottomSheet.test.tsx
PASS app/components/UI/Perps/hooks/useHasExistingPosition.test.ts

Test Suites: 8 passed, 8 total
Tests:       498 passed, 498 total
Snapshots:   0 total
Time:        6.114 s, estimated 21 s
Ran all test suites matching /app\/components\/UI\/Perps\/Views\/PerpsProMarketView\/components\/PerpsProOrderForm\/usePerpsProOrderForm.test.ts|app\/components\/UI\/Perps\/Views\/PerpsProMarketView\/components\/PerpsProOrderFormPanel.test.tsx|app\/components\/UI\/Perps\/components\/PerpsLeverageBottomSheet\/PerpsLeverageBottomSheet.test.tsx|app\/components\/UI\/Perps\/components\/PerpsMarginModeBottomSheet\/PerpsMarginModeBottomSheet.test.tsx|app\/components\/UI\/Perps\/hooks\/useHasExistingPosition.test.ts|app\/components\/UI\/Perps\/hooks\/usePerpsMarginModeLock.test.ts|app\/components\/UI\/Perps\/hooks\/usePerpsMarketData.test.ts|app\/components\/UI\/Perps\/utils\/orderParams.test.ts/i.
