Recipe libraries: perps=/Volumes/FD/dev/metamask/metamask-mobile-2/.skills-cache/perps (20 recipes), metamask=/Users/deeeed/.npm-global/lib/node_modules/@deeeed/metamask-harness/library (22 recipes)
Recipe libraries: perps=/Volumes/FD/dev/metamask/metamask-mobile-2/.skills-cache/perps (20 recipes), metamask=/Users/deeeed/.npm-global/lib/node_modules/@deeeed/metamask-harness/library (22 recipes)
{
  "schemaVersion": 1,
  "command": "run",
  "adapter": "mobile",
  "status": "pass",
  "exitCode": 0,
  "recovered": [],
  "mutations": [],
  "reportPath": "/Volumes/FD/dev/metamask/metamask-mobile-2/temp/tasks/fix/36881-0926-181655/artifacts/recipe-run/report.md",
  "result": {
    "status": "pass",
    "summaryPath": "/Volumes/FD/dev/metamask/metamask-mobile-2/temp/tasks/fix/36881-0926-181655/artifacts/recipe-run/summary.json",
    "tracePath": "/Volumes/FD/dev/metamask/metamask-mobile-2/temp/tasks/fix/36881-0926-181655/artifacts/recipe-run/trace.json",
    "artifactManifestPath": "/Volumes/FD/dev/metamask/metamask-mobile-2/temp/tasks/fix/36881-0926-181655/artifacts/recipe-run/artifact-manifest.json",
    "recipePath": "/Volumes/FD/dev/metamask/metamask-mobile-2/temp/tasks/fix/36881-0926-181655/artifacts/recipe-run/recipe.json",
    "diagnosticsPath": "/Volumes/FD/dev/metamask/metamask-mobile-2/temp/tasks/fix/36881-0926-181655/artifacts/recipe-run/diagnostics.json",
    "sideFindings": {
      "status": "review",
      "note": "Observed 9 distinct application warning/error event(s) during the recipe run; showing 9 preview(s) and omitting 0. Relation to the task is not determined.",
      "counts": {
        "total": 9,
        "warning": 4,
        "error": 5,
        "exception": 0
      }
    }
  }
}
