Recipe libraries: perps=/Users/deeeed/dev/metamask/experimental-metamask-recipe-perps (24 recipes), metamask=/Users/deeeed/.npm-global/lib/node_modules/@deeeed/metamask-harness/library (22 recipes)
Recipe libraries: perps=/Users/deeeed/dev/metamask/experimental-metamask-recipe-perps (24 recipes), metamask=/Users/deeeed/.npm-global/lib/node_modules/@deeeed/metamask-harness/library (22 recipes)
FAIL recipe run [mobile]
summary:
  REVIEW 5 distinct application warning/error event(s) (non-blocking; expanded below and stored in diagnostics.json)
  PASS setup-session/start (metamask.perps.start_state, 8.1s): proof=metamask-perps-start-state
  PASS setup-session/provider (assert_output, 69ms): source=start, stream=stdout
  PASS setup-session/network (assert_output, 62ms): source=start, stream=stdout
  PASS setup-session/account (switch, 68ms): matched=false, value=0x316b...01fa, expected=Trading
  PASS setup-session/account-name (assert_output, 64ms): source=start, stream=stdout
artifacts (13):
  Run-scoped application diagnostics: /Users/deeeed/dev/metamask/metamask-mobile-6/temp/tasks/fix/36775-0924-221931/artifacts/probes/neg-p2-run/diagnostics.json
  Human run report: /Users/deeeed/dev/metamask/metamask-mobile-6/temp/tasks/fix/36775-0924-221931/artifacts/probes/neg-p2-run/report.md
  Run summary: /Users/deeeed/dev/metamask/metamask-mobile-6/temp/tasks/fix/36775-0924-221931/artifacts/probes/neg-p2-run/summary.json
  Execution trace: /Users/deeeed/dev/metamask/metamask-mobile-6/temp/tasks/fix/36775-0924-221931/artifacts/probes/neg-p2-run/trace.json
  Executed recipe: /Users/deeeed/dev/metamask/metamask-mobile-6/temp/tasks/fix/36775-0924-221931/artifacts/probes/neg-p2-run/recipe.json
  Executed recipe parameters: /Users/deeeed/dev/metamask/metamask-mobile-6/temp/tasks/fix/36775-0924-221931/artifacts/probes/neg-p2-run/recipe-invocation.json
  Resolved recipe dependency: /Users/deeeed/dev/metamask/metamask-mobile-6/temp/tasks/fix/36775-0924-221931/artifacts/probes/neg-p2-run/resolved-recipes/68b7c046a5009998795e1b4191d75d52b542fd7dc65c55ace020115cc316ab55.recipe.json
  Resolved recipe dependency graph: /Users/deeeed/dev/metamask/metamask-mobile-6/temp/tasks/fix/36775-0924-221931/artifacts/probes/neg-p2-run/recipe-resolution.json
  Execution provenance: /Users/deeeed/dev/metamask/metamask-mobile-6/temp/tasks/fix/36775-0924-221931/artifacts/probes/neg-p2-run/execution-provenance.json
  Redacted run-scoped application log slice: /Users/deeeed/dev/metamask/metamask-mobile-6/temp/tasks/fix/36775-0924-221931/artifacts/probes/neg-p2-run/diagnostics-app-log.txt
  Automatic network observation: /Users/deeeed/dev/metamask/metamask-mobile-6/temp/tasks/fix/36775-0924-221931/artifacts/probes/neg-p2-run/network/run-summary.json
  Product checkout provenance: /Users/deeeed/dev/metamask/metamask-mobile-6/temp/tasks/fix/36775-0924-221931/artifacts/probes/neg-p2-run/product-provenance.json
  Artifact manifest: /Users/deeeed/dev/metamask/metamask-mobile-6/temp/tasks/fix/36775-0924-221931/artifacts/probes/neg-p2-run/artifact-manifest.json
  Next: mm-harness last --target '/Users/deeeed/dev/metamask/metamask-mobile-6' --json
diagnostics:
  REVIEW — Observed 5 distinct application warning/error event(s) during the recipe run; showing 5 preview(s) and omitting 0. Relation to the task is not determined.
  ERROR — ERROR  14:53:22.958 [console:mm-6] A query that was dehydrated as pending ended up rejecting. [["MoneyAccountBalanceService:getMoneyAccountBalance","0xf62b4ed01965f4dabc34a1297845124f2421ef95"]]: Error: missing revert data in call exception; Transaction reverted without a reason string [ See: https://links.ethers.org/v
  ERROR ×2 — ERROR  14:53:23.647 [console:mm-6] A query that was dehydrated as pending ended up rejecting. [["MoneyAccountApiDataService:fetchPositions","0xf62b4ed01965f4dabc34a1297845124f2421ef95"]]: MoneyAccountApiResponseValidationError: Malformed response from positions endpoint: At path: balance.musd_balance_updated_at -- Expe
  ERROR ×4 — ERROR  14:53:51.921 [console:mm-6] A query that was dehydrated as pending ended up rejecting. [["MoneyAccountBalanceService:getMoneyAccountBalance","0xf62b4ed01965f4dabc34a1297845124f2421ef95"]]: Error: Execution prevented because the circuit breaker is open; The error will be redacted in production builds
  ERROR — A query that was dehydrated as pending ended up rejecting. [["MoneyAccountBalanceService:getMoneyAccountBalance","0xf62b4ed01965f4dabc34a1297845124f2421ef95"]]: Error: missing revert data in call exception; Transaction reverted without a reason string [ See: https://links.ethers.org/v5-errors-CALL_EXCEPTION ] (data="0x
  ERROR ×2 — A query that was dehydrated as pending ended up rejecting. [["MoneyAccountApiDataService:fetchPositions","0xf62b4ed01965f4dabc34a1297845124f2421ef95"]]: MoneyAccountApiResponseValidationError: Malformed response from positions endpoint: At path: balance.musd_balance_updated_at -- Expected a value of type `never`, but r
mm-harness 0.62.0 → 0.63.0 available · run: mm-harness update
