Recipe libraries: perps=/Users/deeeed/dev/metamask/experimental-metamask-recipe-perps (24 recipes), metamask=/Users/deeeed/.npm-global/lib/node_modules/@deeeed/metamask-harness/library (22 recipes)
Recipe libraries: perps=/Users/deeeed/dev/metamask/experimental-metamask-recipe-perps (24 recipes), metamask=/Users/deeeed/.npm-global/lib/node_modules/@deeeed/metamask-harness/library (22 recipes)
PASS recipe run [mobile]
summary:
  REVIEW 6 distinct application warning/error event(s) (non-blocking; expanded below and stored in diagnostics.json)
  PASS setup-session/start (metamask.perps.start_state, 6.9s): proof=metamask-perps-start-state
  PASS setup-session/provider (assert_output, 66ms): source=start, stream=stdout
  PASS setup-session/network (assert_output, 177ms): source=start, stream=stdout
  PASS setup-session/account (switch, 127ms): matched=false, value=0x316b...01fa, expected=Trading
  PASS setup-session/account-name (assert_output, 66ms): source=start, stream=stdout
artifacts (14):
  Run-scoped application diagnostics: /Users/deeeed/dev/metamask/metamask-mobile-6/temp/tasks/fix/36775-0924-221931/artifacts/probes/p1-run/diagnostics.json
  Human run report: /Users/deeeed/dev/metamask/metamask-mobile-6/temp/tasks/fix/36775-0924-221931/artifacts/probes/p1-run/report.md
  Run summary: /Users/deeeed/dev/metamask/metamask-mobile-6/temp/tasks/fix/36775-0924-221931/artifacts/probes/p1-run/summary.json
  Execution trace: /Users/deeeed/dev/metamask/metamask-mobile-6/temp/tasks/fix/36775-0924-221931/artifacts/probes/p1-run/trace.json
  Executed recipe: /Users/deeeed/dev/metamask/metamask-mobile-6/temp/tasks/fix/36775-0924-221931/artifacts/probes/p1-run/recipe.json
  Executed recipe parameters: /Users/deeeed/dev/metamask/metamask-mobile-6/temp/tasks/fix/36775-0924-221931/artifacts/probes/p1-run/recipe-invocation.json
  Resolved recipe dependency: /Users/deeeed/dev/metamask/metamask-mobile-6/temp/tasks/fix/36775-0924-221931/artifacts/probes/p1-run/resolved-recipes/68b7c046a5009998795e1b4191d75d52b542fd7dc65c55ace020115cc316ab55.recipe.json
  Resolved recipe dependency graph: /Users/deeeed/dev/metamask/metamask-mobile-6/temp/tasks/fix/36775-0924-221931/artifacts/probes/p1-run/recipe-resolution.json
  probe after margin card: /Users/deeeed/dev/metamask/metamask-mobile-6/temp/tasks/fix/36775-0924-221931/artifacts/probes/p1-run/screenshots/shot.png
  Execution provenance: /Users/deeeed/dev/metamask/metamask-mobile-6/temp/tasks/fix/36775-0924-221931/artifacts/probes/p1-run/execution-provenance.json
  Redacted run-scoped application log slice: /Users/deeeed/dev/metamask/metamask-mobile-6/temp/tasks/fix/36775-0924-221931/artifacts/probes/p1-run/diagnostics-app-log.txt
  Automatic network observation: /Users/deeeed/dev/metamask/metamask-mobile-6/temp/tasks/fix/36775-0924-221931/artifacts/probes/p1-run/network/run-summary.json
  Product checkout provenance: /Users/deeeed/dev/metamask/metamask-mobile-6/temp/tasks/fix/36775-0924-221931/artifacts/probes/p1-run/product-provenance.json
  Artifact manifest: /Users/deeeed/dev/metamask/metamask-mobile-6/temp/tasks/fix/36775-0924-221931/artifacts/probes/p1-run/artifact-manifest.json
diagnostics:
  REVIEW — Observed 6 distinct application warning/error event(s) during the recipe run; showing 6 preview(s) and omitting 0. Relation to the task is not determined.
  WARNING — WARN  14:44:15.165 [console:mm-6] [MetaMask DEBUG]: { message: "Terminal global snapshot returned 400: bad request", stack: "Error: Terminal global snapshot returned 400: bad request\n    at ?anon_0_ (http://127.0.0.1:8066/index.bundle//&platform=ios&dev=true&hot=false&lazy=true&transform.engine=hermes&transform.byteco
  ERROR ×2 — ERROR  14:44:21.765 [console:mm-6] A query that was dehydrated as pending ended up rejecting. [["MoneyAccountBalanceService:getVaultApy"]]: Error: Execution prevented because the circuit breaker is open; The error will be redacted in production builds
  ERROR ×2 — ERROR  14:44:21.771 [console:mm-6] A query that was dehydrated as pending ended up rejecting. [["MoneyAccountBalanceService:getMoneyAccountBalance","0xf62b4ed01965f4dabc34a1297845124f2421ef95"]]: Error: Execution prevented because the circuit breaker is open; The error will be redacted in production builds
  ERROR — ERROR  14:44:22.504 [console:mm-6] A query that was dehydrated as pending ended up rejecting. [["MoneyAccountApiDataService:fetchPositions","0xf62b4ed01965f4dabc34a1297845124f2421ef95"]]: MoneyAccountApiResponseValidationError: Malformed response from positions endpoint: At path: balance.musd_balance_updated_at -- Expe
  WARNING — [MetaMask DEBUG]: Error: Terminal global snapshot returned 400: bad request
    at ?anon_0_ (http://127.0.0.1:8066/index.bundle//&platform=ios&dev=true&hot=false&lazy=true&transform.engine=hermes&transform.bytecode=1&transform.routerRoot=app&unstable_transformProfile=hermes-stable:1512265:26)
    at next (native)
    a
  ERROR — A query that was dehydrated as pending ended up rejecting. [["MoneyAccountApiDataService:fetchPositions","0xf62b4ed01965f4dabc34a1297845124f2421ef95"]]: MoneyAccountApiResponseValidationError: Malformed response from positions endpoint: At path: balance.musd_balance_updated_at -- Expected a value of type `never`, but r
mm-harness 0.62.0 → 0.63.0 available · run: mm-harness update
